stm32l4r9i_discovery_idd.c:138:6:BSP_IDD_DeInit	0	static
stm32l4r9i_discovery_idd.c:150:6:BSP_IDD_Reset	0	static
stm32l4r9i_discovery_idd.c:162:6:BSP_IDD_LowPower	0	static
stm32l4r9i_discovery_idd.c:174:6:BSP_IDD_StartMeasure	8	static
stm32l4r9i_discovery_idd.c:192:6:BSP_IDD_Config	40	static
stm32l4r9i_discovery_idd.c:73:9:BSP_IDD_Init	80	static
stm32l4r9i_discovery_idd.c:205:6:BSP_IDD_GetValue	8	static
stm32l4r9i_discovery_idd.c:221:6:BSP_IDD_EnableIT	0	static
stm32l4r9i_discovery_idd.c:233:6:BSP_IDD_ClearIT	0	static
stm32l4r9i_discovery_idd.c:245:9:BSP_IDD_GetITStatus	0	static
stm32l4r9i_discovery_idd.c:261:6:BSP_IDD_DisableIT	0	static
stm32l4r9i_discovery_idd.c:273:9:BSP_IDD_ErrorGetCode	8	static
stm32l4r9i_discovery_idd.c:304:6:BSP_IDD_ErrorEnableIT	0	static
stm32l4r9i_discovery_idd.c:316:6:BSP_IDD_ErrorClearIT	0	static
stm32l4r9i_discovery_idd.c:328:9:BSP_IDD_ErrorGetITStatus	0	static
stm32l4r9i_discovery_idd.c:344:6:BSP_IDD_ErrorDisableIT	0	static
stm32l4r9i_discovery_idd.c:356:6:BSP_IDD_WakeUp	0	static
