stm32l4r9i_eval.c:820:13:I2Cx_DeInit	8	static
stm32l4r9i_eval.c:779:13:I2Cx_Init	208	static
stm32l4r9i_eval.c:260:13:BSP_ErrorHandler	0	static
stm32l4r9i_eval.c:1072:13:I2Cx_Error	8	static
stm32l4r9i_eval.c:1016:26:I2Cx_ReadBuffer	24	static
stm32l4r9i_eval.c:269:10:BSP_GetVersion	0	static
stm32l4r9i_eval.c:284:6:BSP_LED_Init	56	static
stm32l4r9i_eval.c:313:6:BSP_LED_DeInit	16	static
stm32l4r9i_eval.c:331:6:BSP_LED_On	0	static
stm32l4r9i_eval.c:346:6:BSP_LED_Off	0	static
stm32l4r9i_eval.c:361:6:BSP_LED_Toggle	0	static
stm32l4r9i_eval.c:378:6:BSP_PB_Init	40	static
stm32l4r9i_eval.c:419:6:BSP_PB_DeInit	16	static
stm32l4r9i_eval.c:440:10:BSP_PB_GetState	8	static
stm32l4r9i_eval.c:482:6:BSP_JOY_DeInit	0	static
stm32l4r9i_eval.c:498:18:BSP_JOY_GetState	8	static
stm32l4r9i_eval.c:542:6:BSP_COM_Init	56	static
stm32l4r9i_eval.c:584:6:BSP_COM_DeInit	0	static
stm32l4r9i_eval.c:1096:6:MFX_IO_Init	0	static
stm32l4r9i_eval.c:1105:6:MFX_IO_ITConfig	32	static
stm32l4r9i_eval.c:454:9:BSP_JOY_Init	8	static
stm32l4r9i_eval.c:1131:6:MFX_IO_Write	32	static
stm32l4r9i_eval.c:1142:9:MFX_IO_Read	32	static
stm32l4r9i_eval.c:1154:10:MFX_IO_ReadMultiple	16	static
stm32l4r9i_eval.c:1164:6:MFX_IO_Delay	0	static
stm32l4r9i_eval.c:1173:6:MFX_IO_Wakeup	8	static
stm32l4r9i_eval.c:1189:6:MFX_IO_EnableWakeupPin	32	static
stm32l4r9i_eval.c:1208:6:MFX_IO_DeInit	48	static
stm32l4r9i_eval.c:1236:6:TS_IO_Init	0	static
stm32l4r9i_eval.c:1248:6:TS_IO_Write	32	static
stm32l4r9i_eval.c:1259:9:TS_IO_Read	32	static
stm32l4r9i_eval.c:1277:10:TS_IO_ReadMultiple	24	static
stm32l4r9i_eval.c:1287:6:TS_IO_Delay	0	static
stm32l4r9i_eval.c:1299:6:AUDIO_IO_Init	0	static
stm32l4r9i_eval.c:1308:6:AUDIO_IO_DeInit	0	static
stm32l4r9i_eval.c:1320:6:AUDIO_IO_Write	32	static
stm32l4r9i_eval.c:1336:10:AUDIO_IO_Read	24	static
stm32l4r9i_eval.c:1355:6:AUDIO_IO_Delay	0	static
stm32l4r9i_eval.c:1365:6:EEPROM_IO_Init	0	static
stm32l4r9i_eval.c:1378:19:EEPROM_IO_WriteData	24	static
stm32l4r9i_eval.c:1391:19:EEPROM_IO_ReadData	16	static
stm32l4r9i_eval.c:1403:19:EEPROM_IO_IsDeviceReady	0	static
