18:30:54 **** Rebuild of configuration Debug for project TGR13_28_HW ****
Info: Internal Builder is used for build
arm-atollic-eabi-gcc -c -mthumb -mcpu=cortex-m4 -mfloat-abi=hard -mfpu=fpv4-sp-d16 -g -Wa,--no-warn -x assembler-with-cpp -specs=nano.specs -o startup\startup_stm32l475xx.o ..\startup\startup_stm32l475xx.s 
arm-atollic-eabi-gcc -c -mthumb -mcpu=cortex-m4 -mfloat-abi=hard -mfpu=fpv4-sp-d16 -std=c99 -D__weak=__attribute__((weak)) -D__packed=__attribute__((__packed__)) -DUSE_HAL_DRIVER -DSTM32L475xx -I../Inc -IC:\Users\sunny.DESKTOP-QGFGEEK\Desktop\TGR_2019_Workshop\TGR13_28_HW\Drivers\BSP\B-L475E-IOT01 -IC:\Users\sunny.DESKTOP-QGFGEEK\Desktop\TGR_2019_Workshop\TGR13_28_HW\Drivers\BSP\Components -I../Drivers/STM32L4xx_HAL_Driver/Inc -I../Drivers/STM32L4xx_HAL_Driver/Inc/Legacy -I../Drivers/CMSIS/Device/ST/STM32L4xx/Include -I../Drivers/CMSIS/Include -Os -ffunction-sections -fdata-sections -g -fstack-usage -Wall -specs=nano.specs -o Drivers\BSP\Components\lis3mdl\lis3mdl.o ..\Drivers\BSP\Components\lis3mdl\lis3mdl.c 
arm-atollic-eabi-gcc -c -mthumb -mcpu=cortex-m4 -mfloat-abi=hard -mfpu=fpv4-sp-d16 -std=c99 -D__weak=__attribute__((weak)) -D__packed=__attribute__((__packed__)) -DUSE_HAL_DRIVER -DSTM32L475xx -I../Inc -IC:\Users\sunny.DESKTOP-QGFGEEK\Desktop\TGR_2019_Workshop\TGR13_28_HW\Drivers\BSP\B-L475E-IOT01 -IC:\Users\sunny.DESKTOP-QGFGEEK\Desktop\TGR_2019_Workshop\TGR13_28_HW\Drivers\BSP\Components -I../Drivers/STM32L4xx_HAL_Driver/Inc -I../Drivers/STM32L4xx_HAL_Driver/Inc/Legacy -I../Drivers/CMSIS/Device/ST/STM32L4xx/Include -I../Drivers/CMSIS/Include -Os -ffunction-sections -fdata-sections -g -fstack-usage -Wall -specs=nano.specs -o Drivers\STM32L4xx_HAL_Driver\Src\stm32l4xx_hal_dfsdm.o ..\Drivers\STM32L4xx_HAL_Driver\Src\stm32l4xx_hal_dfsdm.c 
arm-atollic-eabi-gcc -c -mthumb -mcpu=cortex-m4 -mfloat-abi=hard -mfpu=fpv4-sp-d16 -std=c99 -D__weak=__attribute__((weak)) -D__packed=__attribute__((__packed__)) -DUSE_HAL_DRIVER -DSTM32L475xx -I../Inc -IC:\Users\sunny.DESKTOP-QGFGEEK\Desktop\TGR_2019_Workshop\TGR13_28_HW\Drivers\BSP\B-L475E-IOT01 -IC:\Users\sunny.DESKTOP-QGFGEEK\Desktop\TGR_2019_Workshop\TGR13_28_HW\Drivers\BSP\Components -I../Drivers/STM32L4xx_HAL_Driver/Inc -I../Drivers/STM32L4xx_HAL_Driver/Inc/Legacy -I../Drivers/CMSIS/Device/ST/STM32L4xx/Include -I../Drivers/CMSIS/Include -Os -ffunction-sections -fdata-sections -g -fstack-usage -Wall -specs=nano.specs -o Drivers\BSP\Components\lps22hb\lps22hb.o ..\Drivers\BSP\Components\lps22hb\lps22hb.c 
arm-atollic-eabi-gcc -c -mthumb -mcpu=cortex-m4 -mfloat-abi=hard -mfpu=fpv4-sp-d16 -std=c99 -D__weak=__attribute__((weak)) -D__packed=__attribute__((__packed__)) -DUSE_HAL_DRIVER -DSTM32L475xx -I../Inc -IC:\Users\sunny.DESKTOP-QGFGEEK\Desktop\TGR_2019_Workshop\TGR13_28_HW\Drivers\BSP\B-L475E-IOT01 -IC:\Users\sunny.DESKTOP-QGFGEEK\Desktop\TGR_2019_Workshop\TGR13_28_HW\Drivers\BSP\Components -I../Drivers/STM32L4xx_HAL_Driver/Inc -I../Drivers/STM32L4xx_HAL_Driver/Inc/Legacy -I../Drivers/CMSIS/Device/ST/STM32L4xx/Include -I../Drivers/CMSIS/Include -Os -ffunction-sections -fdata-sections -g -fstack-usage -Wall -specs=nano.specs -o Drivers\BSP\Components\lsm303c\lsm303c.o ..\Drivers\BSP\Components\lsm303c\lsm303c.c 
arm-atollic-eabi-gcc -c -mthumb -mcpu=cortex-m4 -mfloat-abi=hard -mfpu=fpv4-sp-d16 -std=c99 -D__weak=__attribute__((weak)) -D__packed=__attribute__((__packed__)) -DUSE_HAL_DRIVER -DSTM32L475xx -I../Inc -IC:\Users\sunny.DESKTOP-QGFGEEK\Desktop\TGR_2019_Workshop\TGR13_28_HW\Drivers\BSP\B-L475E-IOT01 -IC:\Users\sunny.DESKTOP-QGFGEEK\Desktop\TGR_2019_Workshop\TGR13_28_HW\Drivers\BSP\Components -I../Drivers/STM32L4xx_HAL_Driver/Inc -I../Drivers/STM32L4xx_HAL_Driver/Inc/Legacy -I../Drivers/CMSIS/Device/ST/STM32L4xx/Include -I../Drivers/CMSIS/Include -Os -ffunction-sections -fdata-sections -g -fstack-usage -Wall -specs=nano.specs -o Src\main.o ..\Src\main.c 
arm-atollic-eabi-gcc -c -mthumb -mcpu=cortex-m4 -mfloat-abi=hard -mfpu=fpv4-sp-d16 -std=c99 -D__weak=__attribute__((weak)) -D__packed=__attribute__((__packed__)) -DUSE_HAL_DRIVER -DSTM32L475xx -I../Inc -IC:\Users\sunny.DESKTOP-QGFGEEK\Desktop\TGR_2019_Workshop\TGR13_28_HW\Drivers\BSP\B-L475E-IOT01 -IC:\Users\sunny.DESKTOP-QGFGEEK\Desktop\TGR_2019_Workshop\TGR13_28_HW\Drivers\BSP\Components -I../Drivers/STM32L4xx_HAL_Driver/Inc -I../Drivers/STM32L4xx_HAL_Driver/Inc/Legacy -I../Drivers/CMSIS/Device/ST/STM32L4xx/Include -I../Drivers/CMSIS/Include -Os -ffunction-sections -fdata-sections -g -fstack-usage -Wall -specs=nano.specs -o Drivers\BSP\B-L475E-IOT01\stm32l475e_iot01_psensor.o ..\Drivers\BSP\B-L475E-IOT01\stm32l475e_iot01_psensor.c 
arm-atollic-eabi-gcc -c -mthumb -mcpu=cortex-m4 -mfloat-abi=hard -mfpu=fpv4-sp-d16 -std=c99 -D__weak=__attribute__((weak)) -D__packed=__attribute__((__packed__)) -DUSE_HAL_DRIVER -DSTM32L475xx -I../Inc -IC:\Users\sunny.DESKTOP-QGFGEEK\Desktop\TGR_2019_Workshop\TGR13_28_HW\Drivers\BSP\B-L475E-IOT01 -IC:\Users\sunny.DESKTOP-QGFGEEK\Desktop\TGR_2019_Workshop\TGR13_28_HW\Drivers\BSP\Components -I../Drivers/STM32L4xx_HAL_Driver/Inc -I../Drivers/STM32L4xx_HAL_Driver/Inc/Legacy -I../Drivers/CMSIS/Device/ST/STM32L4xx/Include -I../Drivers/CMSIS/Include -Os -ffunction-sections -fdata-sections -g -fstack-usage -Wall -specs=nano.specs -o Drivers\BSP\Components\stmpe1600\stmpe1600.o ..\Drivers\BSP\Components\stmpe1600\stmpe1600.c 
..\Src\main.c: In function 'main':
..\Src\main.c:202:5: warning: implicit declaration of function 'itoa' [-Wimplicit-function-declaration]
     itoa (P_Temp_Value,a,16);
     ^~~~
arm-atollic-eabi-gcc -c -mthumb -mcpu=cortex-m4 -mfloat-abi=hard -mfpu=fpv4-sp-d16 -std=c99 -D__weak=__attribute__((weak)) -D__packed=__attribute__((__packed__)) -DUSE_HAL_DRIVER -DSTM32L475xx -I../Inc -IC:\Users\sunny.DESKTOP-QGFGEEK\Desktop\TGR_2019_Workshop\TGR13_28_HW\Drivers\BSP\B-L475E-IOT01 -IC:\Users\sunny.DESKTOP-QGFGEEK\Desktop\TGR_2019_Workshop\TGR13_28_HW\Drivers\BSP\Components -I../Drivers/STM32L4xx_HAL_Driver/Inc -I../Drivers/STM32L4xx_HAL_Driver/Inc/Legacy -I../Drivers/CMSIS/Device/ST/STM32L4xx/Include -I../Drivers/CMSIS/Include -Os -ffunction-sections -fdata-sections -g -fstack-usage -Wall -specs=nano.specs -o Drivers\BSP\Components\mfxstm32l152\mfxstm32l152.o ..\Drivers\BSP\Components\mfxstm32l152\mfxstm32l152.c 
arm-atollic-eabi-gcc -c -mthumb -mcpu=cortex-m4 -mfloat-abi=hard -mfpu=fpv4-sp-d16 -std=c99 -D__weak=__attribute__((weak)) -D__packed=__attribute__((__packed__)) -DUSE_HAL_DRIVER -DSTM32L475xx -I../Inc -IC:\Users\sunny.DESKTOP-QGFGEEK\Desktop\TGR_2019_Workshop\TGR13_28_HW\Drivers\BSP\B-L475E-IOT01 -IC:\Users\sunny.DESKTOP-QGFGEEK\Desktop\TGR_2019_Workshop\TGR13_28_HW\Drivers\BSP\Components -I../Drivers/STM32L4xx_HAL_Driver/Inc -I../Drivers/STM32L4xx_HAL_Driver/Inc/Legacy -I../Drivers/CMSIS/Device/ST/STM32L4xx/Include -I../Drivers/CMSIS/Include -Os -ffunction-sections -fdata-sections -g -fstack-usage -Wall -specs=nano.specs -o Drivers\BSP\B-L475E-IOT01\stm32l475e_iot01_tsensor.o ..\Drivers\BSP\B-L475E-IOT01\stm32l475e_iot01_tsensor.c 
arm-atollic-eabi-gcc -c -mthumb -mcpu=cortex-m4 -mfloat-abi=hard -mfpu=fpv4-sp-d16 -std=c99 -D__weak=__attribute__((weak)) -D__packed=__attribute__((__packed__)) -DUSE_HAL_DRIVER -DSTM32L475xx -I../Inc -IC:\Users\sunny.DESKTOP-QGFGEEK\Desktop\TGR_2019_Workshop\TGR13_28_HW\Drivers\BSP\B-L475E-IOT01 -IC:\Users\sunny.DESKTOP-QGFGEEK\Desktop\TGR_2019_Workshop\TGR13_28_HW\Drivers\BSP\Components -I../Drivers/STM32L4xx_HAL_Driver/Inc -I../Drivers/STM32L4xx_HAL_Driver/Inc/Legacy -I../Drivers/CMSIS/Device/ST/STM32L4xx/Include -I../Drivers/CMSIS/Include -Os -ffunction-sections -fdata-sections -g -fstack-usage -Wall -specs=nano.specs -o Drivers\BSP\B-L475E-IOT01\stm32l475e_iot01_hsensor.o ..\Drivers\BSP\B-L475E-IOT01\stm32l475e_iot01_hsensor.c 
arm-atollic-eabi-gcc -c -mthumb -mcpu=cortex-m4 -mfloat-abi=hard -mfpu=fpv4-sp-d16 -std=c99 -D__weak=__attribute__((weak)) -D__packed=__attribute__((__packed__)) -DUSE_HAL_DRIVER -DSTM32L475xx -I../Inc -IC:\Users\sunny.DESKTOP-QGFGEEK\Desktop\TGR_2019_Workshop\TGR13_28_HW\Drivers\BSP\B-L475E-IOT01 -IC:\Users\sunny.DESKTOP-QGFGEEK\Desktop\TGR_2019_Workshop\TGR13_28_HW\Drivers\BSP\Components -I../Drivers/STM32L4xx_HAL_Driver/Inc -I../Drivers/STM32L4xx_HAL_Driver/Inc/Legacy -I../Drivers/CMSIS/Device/ST/STM32L4xx/Include -I../Drivers/CMSIS/Include -Os -ffunction-sections -fdata-sections -g -fstack-usage -Wall -specs=nano.specs -o Drivers\STM32L4xx_HAL_Driver\Src\stm32l4xx_hal_dma.o ..\Drivers\STM32L4xx_HAL_Driver\Src\stm32l4xx_hal_dma.c 
arm-atollic-eabi-gcc -c -mthumb -mcpu=cortex-m4 -mfloat-abi=hard -mfpu=fpv4-sp-d16 -std=c99 -D__weak=__attribute__((weak)) -D__packed=__attribute__((__packed__)) -DUSE_HAL_DRIVER -DSTM32L475xx -I../Inc -IC:\Users\sunny.DESKTOP-QGFGEEK\Desktop\TGR_2019_Workshop\TGR13_28_HW\Drivers\BSP\B-L475E-IOT01 -IC:\Users\sunny.DESKTOP-QGFGEEK\Desktop\TGR_2019_Workshop\TGR13_28_HW\Drivers\BSP\Components -I../Drivers/STM32L4xx_HAL_Driver/Inc -I../Drivers/STM32L4xx_HAL_Driver/Inc/Legacy -I../Drivers/CMSIS/Device/ST/STM32L4xx/Include -I../Drivers/CMSIS/Include -Os -ffunction-sections -fdata-sections -g -fstack-usage -Wall -specs=nano.specs -o Drivers\BSP\Components\wm8994\wm8994.o ..\Drivers\BSP\Components\wm8994\wm8994.c 
arm-atollic-eabi-gcc -c -mthumb -mcpu=cortex-m4 -mfloat-abi=hard -mfpu=fpv4-sp-d16 -std=c99 -D__weak=__attribute__((weak)) -D__packed=__attribute__((__packed__)) -DUSE_HAL_DRIVER -DSTM32L475xx -I../Inc -IC:\Users\sunny.DESKTOP-QGFGEEK\Desktop\TGR_2019_Workshop\TGR13_28_HW\Drivers\BSP\B-L475E-IOT01 -IC:\Users\sunny.DESKTOP-QGFGEEK\Desktop\TGR_2019_Workshop\TGR13_28_HW\Drivers\BSP\Components -I../Drivers/STM32L4xx_HAL_Driver/Inc -I../Drivers/STM32L4xx_HAL_Driver/Inc/Legacy -I../Drivers/CMSIS/Device/ST/STM32L4xx/Include -I../Drivers/CMSIS/Include -Os -ffunction-sections -fdata-sections -g -fstack-usage -Wall -specs=nano.specs -o Drivers\BSP\B-L475E-IOT01\stm32l475e_iot01_accelero.o ..\Drivers\BSP\B-L475E-IOT01\stm32l475e_iot01_accelero.c 
arm-atollic-eabi-gcc -c -mthumb -mcpu=cortex-m4 -mfloat-abi=hard -mfpu=fpv4-sp-d16 -std=c99 -D__weak=__attribute__((weak)) -D__packed=__attribute__((__packed__)) -DUSE_HAL_DRIVER -DSTM32L475xx -I../Inc -IC:\Users\sunny.DESKTOP-QGFGEEK\Desktop\TGR_2019_Workshop\TGR13_28_HW\Drivers\BSP\B-L475E-IOT01 -IC:\Users\sunny.DESKTOP-QGFGEEK\Desktop\TGR_2019_Workshop\TGR13_28_HW\Drivers\BSP\Components -I../Drivers/STM32L4xx_HAL_Driver/Inc -I../Drivers/STM32L4xx_HAL_Driver/Inc/Legacy -I../Drivers/CMSIS/Device/ST/STM32L4xx/Include -I../Drivers/CMSIS/Include -Os -ffunction-sections -fdata-sections -g -fstack-usage -Wall -specs=nano.specs -o Drivers\STM32L4xx_HAL_Driver\Src\stm32l4xx_hal_i2c.o ..\Drivers\STM32L4xx_HAL_Driver\Src\stm32l4xx_hal_i2c.c 
arm-atollic-eabi-gcc -c -mthumb -mcpu=cortex-m4 -mfloat-abi=hard -mfpu=fpv4-sp-d16 -std=c99 -D__weak=__attribute__((weak)) -D__packed=__attribute__((__packed__)) -DUSE_HAL_DRIVER -DSTM32L475xx -I../Inc -IC:\Users\sunny.DESKTOP-QGFGEEK\Desktop\TGR_2019_Workshop\TGR13_28_HW\Drivers\BSP\B-L475E-IOT01 -IC:\Users\sunny.DESKTOP-QGFGEEK\Desktop\TGR_2019_Workshop\TGR13_28_HW\Drivers\BSP\Components -I../Drivers/STM32L4xx_HAL_Driver/Inc -I../Drivers/STM32L4xx_HAL_Driver/Inc/Legacy -I../Drivers/CMSIS/Device/ST/STM32L4xx/Include -I../Drivers/CMSIS/Include -Os -ffunction-sections -fdata-sections -g -fstack-usage -Wall -specs=nano.specs -o Drivers\STM32L4xx_HAL_Driver\Src\stm32l4xx_hal_rcc_ex.o ..\Drivers\STM32L4xx_HAL_Driver\Src\stm32l4xx_hal_rcc_ex.c 
arm-atollic-eabi-gcc -c -mthumb -mcpu=cortex-m4 -mfloat-abi=hard -mfpu=fpv4-sp-d16 -std=c99 -D__weak=__attribute__((weak)) -D__packed=__attribute__((__packed__)) -DUSE_HAL_DRIVER -DSTM32L475xx -I../Inc -IC:\Users\sunny.DESKTOP-QGFGEEK\Desktop\TGR_2019_Workshop\TGR13_28_HW\Drivers\BSP\B-L475E-IOT01 -IC:\Users\sunny.DESKTOP-QGFGEEK\Desktop\TGR_2019_Workshop\TGR13_28_HW\Drivers\BSP\Components -I../Drivers/STM32L4xx_HAL_Driver/Inc -I../Drivers/STM32L4xx_HAL_Driver/Inc/Legacy -I../Drivers/CMSIS/Device/ST/STM32L4xx/Include -I../Drivers/CMSIS/Include -Os -ffunction-sections -fdata-sections -g -fstack-usage -Wall -specs=nano.specs -o Drivers\BSP\Components\lsm303dlhc\lsm303dlhc.o ..\Drivers\BSP\Components\lsm303dlhc\lsm303dlhc.c 
arm-atollic-eabi-gcc -c -mthumb -mcpu=cortex-m4 -mfloat-abi=hard -mfpu=fpv4-sp-d16 -std=c99 -D__weak=__attribute__((weak)) -D__packed=__attribute__((__packed__)) -DUSE_HAL_DRIVER -DSTM32L475xx -I../Inc -IC:\Users\sunny.DESKTOP-QGFGEEK\Desktop\TGR_2019_Workshop\TGR13_28_HW\Drivers\BSP\B-L475E-IOT01 -IC:\Users\sunny.DESKTOP-QGFGEEK\Desktop\TGR_2019_Workshop\TGR13_28_HW\Drivers\BSP\Components -I../Drivers/STM32L4xx_HAL_Driver/Inc -I../Drivers/STM32L4xx_HAL_Driver/Inc/Legacy -I../Drivers/CMSIS/Device/ST/STM32L4xx/Include -I../Drivers/CMSIS/Include -Os -ffunction-sections -fdata-sections -g -fstack-usage -Wall -specs=nano.specs -o Drivers\BSP\Components\hts221\hts221.o ..\Drivers\BSP\Components\hts221\hts221.c 
arm-atollic-eabi-gcc -c -mthumb -mcpu=cortex-m4 -mfloat-abi=hard -mfpu=fpv4-sp-d16 -std=c99 -D__weak=__attribute__((weak)) -D__packed=__attribute__((__packed__)) -DUSE_HAL_DRIVER -DSTM32L475xx -I../Inc -IC:\Users\sunny.DESKTOP-QGFGEEK\Desktop\TGR_2019_Workshop\TGR13_28_HW\Drivers\BSP\B-L475E-IOT01 -IC:\Users\sunny.DESKTOP-QGFGEEK\Desktop\TGR_2019_Workshop\TGR13_28_HW\Drivers\BSP\Components -I../Drivers/STM32L4xx_HAL_Driver/Inc -I../Drivers/STM32L4xx_HAL_Driver/Inc/Legacy -I../Drivers/CMSIS/Device/ST/STM32L4xx/Include -I../Drivers/CMSIS/Include -Os -ffunction-sections -fdata-sections -g -fstack-usage -Wall -specs=nano.specs -o Drivers\STM32L4xx_HAL_Driver\Src\stm32l4xx_hal_spi_ex.o ..\Drivers\STM32L4xx_HAL_Driver\Src\stm32l4xx_hal_spi_ex.c 
arm-atollic-eabi-gcc -c -mthumb -mcpu=cortex-m4 -mfloat-abi=hard -mfpu=fpv4-sp-d16 -std=c99 -D__weak=__attribute__((weak)) -D__packed=__attribute__((__packed__)) -DUSE_HAL_DRIVER -DSTM32L475xx -I../Inc -IC:\Users\sunny.DESKTOP-QGFGEEK\Desktop\TGR_2019_Workshop\TGR13_28_HW\Drivers\BSP\B-L475E-IOT01 -IC:\Users\sunny.DESKTOP-QGFGEEK\Desktop\TGR_2019_Workshop\TGR13_28_HW\Drivers\BSP\Components -I../Drivers/STM32L4xx_HAL_Driver/Inc -I../Drivers/STM32L4xx_HAL_Driver/Inc/Legacy -I../Drivers/CMSIS/Device/ST/STM32L4xx/Include -I../Drivers/CMSIS/Include -Os -ffunction-sections -fdata-sections -g -fstack-usage -Wall -specs=nano.specs -o Drivers\BSP\Components\l3gd20\l3gd20.o ..\Drivers\BSP\Components\l3gd20\l3gd20.c 
arm-atollic-eabi-gcc -c -mthumb -mcpu=cortex-m4 -mfloat-abi=hard -mfpu=fpv4-sp-d16 -std=c99 -D__weak=__attribute__((weak)) -D__packed=__attribute__((__packed__)) -DUSE_HAL_DRIVER -DSTM32L475xx -I../Inc -IC:\Users\sunny.DESKTOP-QGFGEEK\Desktop\TGR_2019_Workshop\TGR13_28_HW\Drivers\BSP\B-L475E-IOT01 -IC:\Users\sunny.DESKTOP-QGFGEEK\Desktop\TGR_2019_Workshop\TGR13_28_HW\Drivers\BSP\Components -I../Drivers/STM32L4xx_HAL_Driver/Inc -I../Drivers/STM32L4xx_HAL_Driver/Inc/Legacy -I../Drivers/CMSIS/Device/ST/STM32L4xx/Include -I../Drivers/CMSIS/Include -Os -ffunction-sections -fdata-sections -g -fstack-usage -Wall -specs=nano.specs -o Drivers\BSP\Components\ls016b8uy\ls016b8uy.o ..\Drivers\BSP\Components\ls016b8uy\ls016b8uy.c 
arm-atollic-eabi-gcc -c -mthumb -mcpu=cortex-m4 -mfloat-abi=hard -mfpu=fpv4-sp-d16 -std=c99 -D__weak=__attribute__((weak)) -D__packed=__attribute__((__packed__)) -DUSE_HAL_DRIVER -DSTM32L475xx -I../Inc -IC:\Users\sunny.DESKTOP-QGFGEEK\Desktop\TGR_2019_Workshop\TGR13_28_HW\Drivers\BSP\B-L475E-IOT01 -IC:\Users\sunny.DESKTOP-QGFGEEK\Desktop\TGR_2019_Workshop\TGR13_28_HW\Drivers\BSP\Components -I../Drivers/STM32L4xx_HAL_Driver/Inc -I../Drivers/STM32L4xx_HAL_Driver/Inc/Legacy -I../Drivers/CMSIS/Device/ST/STM32L4xx/Include -I../Drivers/CMSIS/Include -Os -ffunction-sections -fdata-sections -g -fstack-usage -Wall -specs=nano.specs -o Drivers\BSP\B-L475E-IOT01\stm32l475e_iot01_qspi.o ..\Drivers\BSP\B-L475E-IOT01\stm32l475e_iot01_qspi.c 
arm-atollic-eabi-gcc -c -mthumb -mcpu=cortex-m4 -mfloat-abi=hard -mfpu=fpv4-sp-d16 -std=c99 -D__weak=__attribute__((weak)) -D__packed=__attribute__((__packed__)) -DUSE_HAL_DRIVER -DSTM32L475xx -I../Inc -IC:\Users\sunny.DESKTOP-QGFGEEK\Desktop\TGR_2019_Workshop\TGR13_28_HW\Drivers\BSP\B-L475E-IOT01 -IC:\Users\sunny.DESKTOP-QGFGEEK\Desktop\TGR_2019_Workshop\TGR13_28_HW\Drivers\BSP\Components -I../Drivers/STM32L4xx_HAL_Driver/Inc -I../Drivers/STM32L4xx_HAL_Driver/Inc/Legacy -I../Drivers/CMSIS/Device/ST/STM32L4xx/Include -I../Drivers/CMSIS/Include -Os -ffunction-sections -fdata-sections -g -fstack-usage -Wall -specs=nano.specs -o Drivers\STM32L4xx_HAL_Driver\Src\stm32l4xx_hal_gpio.o ..\Drivers\STM32L4xx_HAL_Driver\Src\stm32l4xx_hal_gpio.c 
arm-atollic-eabi-gcc -c -mthumb -mcpu=cortex-m4 -mfloat-abi=hard -mfpu=fpv4-sp-d16 -std=c99 -D__weak=__attribute__((weak)) -D__packed=__attribute__((__packed__)) -DUSE_HAL_DRIVER -DSTM32L475xx -I../Inc -IC:\Users\sunny.DESKTOP-QGFGEEK\Desktop\TGR_2019_Workshop\TGR13_28_HW\Drivers\BSP\B-L475E-IOT01 -IC:\Users\sunny.DESKTOP-QGFGEEK\Desktop\TGR_2019_Workshop\TGR13_28_HW\Drivers\BSP\Components -I../Drivers/STM32L4xx_HAL_Driver/Inc -I../Drivers/STM32L4xx_HAL_Driver/Inc/Legacy -I../Drivers/CMSIS/Device/ST/STM32L4xx/Include -I../Drivers/CMSIS/Include -Os -ffunction-sections -fdata-sections -g -fstack-usage -Wall -specs=nano.specs -o Drivers\STM32L4xx_HAL_Driver\Src\stm32l4xx_hal_rcc.o ..\Drivers\STM32L4xx_HAL_Driver\Src\stm32l4xx_hal_rcc.c 
arm-atollic-eabi-gcc -c -mthumb -mcpu=cortex-m4 -mfloat-abi=hard -mfpu=fpv4-sp-d16 -std=c99 -D__weak=__attribute__((weak)) -D__packed=__attribute__((__packed__)) -DUSE_HAL_DRIVER -DSTM32L475xx -I../Inc -IC:\Users\sunny.DESKTOP-QGFGEEK\Desktop\TGR_2019_Workshop\TGR13_28_HW\Drivers\BSP\B-L475E-IOT01 -IC:\Users\sunny.DESKTOP-QGFGEEK\Desktop\TGR_2019_Workshop\TGR13_28_HW\Drivers\BSP\Components -I../Drivers/STM32L4xx_HAL_Driver/Inc -I../Drivers/STM32L4xx_HAL_Driver/Inc/Legacy -I../Drivers/CMSIS/Device/ST/STM32L4xx/Include -I../Drivers/CMSIS/Include -Os -ffunction-sections -fdata-sections -g -fstack-usage -Wall -specs=nano.specs -o Drivers\BSP\Components\stmpe811\stmpe811.o ..\Drivers\BSP\Components\stmpe811\stmpe811.c 
arm-atollic-eabi-gcc -c -mthumb -mcpu=cortex-m4 -mfloat-abi=hard -mfpu=fpv4-sp-d16 -std=c99 -D__weak=__attribute__((weak)) -D__packed=__attribute__((__packed__)) -DUSE_HAL_DRIVER -DSTM32L475xx -I../Inc -IC:\Users\sunny.DESKTOP-QGFGEEK\Desktop\TGR_2019_Workshop\TGR13_28_HW\Drivers\BSP\B-L475E-IOT01 -IC:\Users\sunny.DESKTOP-QGFGEEK\Desktop\TGR_2019_Workshop\TGR13_28_HW\Drivers\BSP\Components -I../Drivers/STM32L4xx_HAL_Driver/Inc -I../Drivers/STM32L4xx_HAL_Driver/Inc/Legacy -I../Drivers/CMSIS/Device/ST/STM32L4xx/Include -I../Drivers/CMSIS/Include -Os -ffunction-sections -fdata-sections -g -fstack-usage -Wall -specs=nano.specs -o Drivers\BSP\B-L475E-IOT01\stm32l475e_iot01_gyro.o ..\Drivers\BSP\B-L475E-IOT01\stm32l475e_iot01_gyro.c 
arm-atollic-eabi-gcc -c -mthumb -mcpu=cortex-m4 -mfloat-abi=hard -mfpu=fpv4-sp-d16 -std=c99 -D__weak=__attribute__((weak)) -D__packed=__attribute__((__packed__)) -DUSE_HAL_DRIVER -DSTM32L475xx -I../Inc -IC:\Users\sunny.DESKTOP-QGFGEEK\Desktop\TGR_2019_Workshop\TGR13_28_HW\Drivers\BSP\B-L475E-IOT01 -IC:\Users\sunny.DESKTOP-QGFGEEK\Desktop\TGR_2019_Workshop\TGR13_28_HW\Drivers\BSP\Components -I../Drivers/STM32L4xx_HAL_Driver/Inc -I../Drivers/STM32L4xx_HAL_Driver/Inc/Legacy -I../Drivers/CMSIS/Device/ST/STM32L4xx/Include -I../Drivers/CMSIS/Include -Os -ffunction-sections -fdata-sections -g -fstack-usage -Wall -specs=nano.specs -o Drivers\BSP\Components\hx8347g\hx8347g.o ..\Drivers\BSP\Components\hx8347g\hx8347g.c 
arm-atollic-eabi-gcc -c -mthumb -mcpu=cortex-m4 -mfloat-abi=hard -mfpu=fpv4-sp-d16 -std=c99 -D__weak=__attribute__((weak)) -D__packed=__attribute__((__packed__)) -DUSE_HAL_DRIVER -DSTM32L475xx -I../Inc -IC:\Users\sunny.DESKTOP-QGFGEEK\Desktop\TGR_2019_Workshop\TGR13_28_HW\Drivers\BSP\B-L475E-IOT01 -IC:\Users\sunny.DESKTOP-QGFGEEK\Desktop\TGR_2019_Workshop\TGR13_28_HW\Drivers\BSP\Components -I../Drivers/STM32L4xx_HAL_Driver/Inc -I../Drivers/STM32L4xx_HAL_Driver/Inc/Legacy -I../Drivers/CMSIS/Device/ST/STM32L4xx/Include -I../Drivers/CMSIS/Include -Os -ffunction-sections -fdata-sections -g -fstack-usage -Wall -specs=nano.specs -o Drivers\STM32L4xx_HAL_Driver\Src\stm32l4xx_hal_pwr_ex.o ..\Drivers\STM32L4xx_HAL_Driver\Src\stm32l4xx_hal_pwr_ex.c 
arm-atollic-eabi-gcc -c -mthumb -mcpu=cortex-m4 -mfloat-abi=hard -mfpu=fpv4-sp-d16 -std=c99 -D__weak=__attribute__((weak)) -D__packed=__attribute__((__packed__)) -DUSE_HAL_DRIVER -DSTM32L475xx -I../Inc -IC:\Users\sunny.DESKTOP-QGFGEEK\Desktop\TGR_2019_Workshop\TGR13_28_HW\Drivers\BSP\B-L475E-IOT01 -IC:\Users\sunny.DESKTOP-QGFGEEK\Desktop\TGR_2019_Workshop\TGR13_28_HW\Drivers\BSP\Components -I../Drivers/STM32L4xx_HAL_Driver/Inc -I../Drivers/STM32L4xx_HAL_Driver/Inc/Legacy -I../Drivers/CMSIS/Device/ST/STM32L4xx/Include -I../Drivers/CMSIS/Include -Os -ffunction-sections -fdata-sections -g -fstack-usage -Wall -specs=nano.specs -o Drivers\BSP\Components\st7789h2\st7789h2.o ..\Drivers\BSP\Components\st7789h2\st7789h2.c 
arm-atollic-eabi-gcc -c -mthumb -mcpu=cortex-m4 -mfloat-abi=hard -mfpu=fpv4-sp-d16 -std=c99 -D__weak=__attribute__((weak)) -D__packed=__attribute__((__packed__)) -DUSE_HAL_DRIVER -DSTM32L475xx -I../Inc -IC:\Users\sunny.DESKTOP-QGFGEEK\Desktop\TGR_2019_Workshop\TGR13_28_HW\Drivers\BSP\B-L475E-IOT01 -IC:\Users\sunny.DESKTOP-QGFGEEK\Desktop\TGR_2019_Workshop\TGR13_28_HW\Drivers\BSP\Components -I../Drivers/STM32L4xx_HAL_Driver/Inc -I../Drivers/STM32L4xx_HAL_Driver/Inc/Legacy -I../Drivers/CMSIS/Device/ST/STM32L4xx/Include -I../Drivers/CMSIS/Include -Os -ffunction-sections -fdata-sections -g -fstack-usage -Wall -specs=nano.specs -o Drivers\STM32L4xx_HAL_Driver\Src\stm32l4xx_hal.o ..\Drivers\STM32L4xx_HAL_Driver\Src\stm32l4xx_hal.c 
arm-atollic-eabi-gcc -c -mthumb -mcpu=cortex-m4 -mfloat-abi=hard -mfpu=fpv4-sp-d16 -std=c99 -D__weak=__attribute__((weak)) -D__packed=__attribute__((__packed__)) -DUSE_HAL_DRIVER -DSTM32L475xx -I../Inc -IC:\Users\sunny.DESKTOP-QGFGEEK\Desktop\TGR_2019_Workshop\TGR13_28_HW\Drivers\BSP\B-L475E-IOT01 -IC:\Users\sunny.DESKTOP-QGFGEEK\Desktop\TGR_2019_Workshop\TGR13_28_HW\Drivers\BSP\Components -I../Drivers/STM32L4xx_HAL_Driver/Inc -I../Drivers/STM32L4xx_HAL_Driver/Inc/Legacy -I../Drivers/CMSIS/Device/ST/STM32L4xx/Include -I../Drivers/CMSIS/Include -Os -ffunction-sections -fdata-sections -g -fstack-usage -Wall -specs=nano.specs -o Drivers\STM32L4xx_HAL_Driver\Src\stm32l4xx_hal_flash_ex.o ..\Drivers\STM32L4xx_HAL_Driver\Src\stm32l4xx_hal_flash_ex.c 
arm-atollic-eabi-gcc -c -mthumb -mcpu=cortex-m4 -mfloat-abi=hard -mfpu=fpv4-sp-d16 -std=c99 -D__weak=__attribute__((weak)) -D__packed=__attribute__((__packed__)) -DUSE_HAL_DRIVER -DSTM32L475xx -I../Inc -IC:\Users\sunny.DESKTOP-QGFGEEK\Desktop\TGR_2019_Workshop\TGR13_28_HW\Drivers\BSP\B-L475E-IOT01 -IC:\Users\sunny.DESKTOP-QGFGEEK\Desktop\TGR_2019_Workshop\TGR13_28_HW\Drivers\BSP\Components -I../Drivers/STM32L4xx_HAL_Driver/Inc -I../Drivers/STM32L4xx_HAL_Driver/Inc/Legacy -I../Drivers/CMSIS/Device/ST/STM32L4xx/Include -I../Drivers/CMSIS/Include -Os -ffunction-sections -fdata-sections -g -fstack-usage -Wall -specs=nano.specs -o Drivers\STM32L4xx_HAL_Driver\Src\stm32l4xx_hal_pcd_ex.o ..\Drivers\STM32L4xx_HAL_Driver\Src\stm32l4xx_hal_pcd_ex.c 
arm-atollic-eabi-gcc -c -mthumb -mcpu=cortex-m4 -mfloat-abi=hard -mfpu=fpv4-sp-d16 -std=c99 -D__weak=__attribute__((weak)) -D__packed=__attribute__((__packed__)) -DUSE_HAL_DRIVER -DSTM32L475xx -I../Inc -IC:\Users\sunny.DESKTOP-QGFGEEK\Desktop\TGR_2019_Workshop\TGR13_28_HW\Drivers\BSP\B-L475E-IOT01 -IC:\Users\sunny.DESKTOP-QGFGEEK\Desktop\TGR_2019_Workshop\TGR13_28_HW\Drivers\BSP\Components -I../Drivers/STM32L4xx_HAL_Driver/Inc -I../Drivers/STM32L4xx_HAL_Driver/Inc/Legacy -I../Drivers/CMSIS/Device/ST/STM32L4xx/Include -I../Drivers/CMSIS/Include -Os -ffunction-sections -fdata-sections -g -fstack-usage -Wall -specs=nano.specs -o Drivers\STM32L4xx_HAL_Driver\Src\stm32l4xx_ll_usb.o ..\Drivers\STM32L4xx_HAL_Driver\Src\stm32l4xx_ll_usb.c 
arm-atollic-eabi-gcc -c -mthumb -mcpu=cortex-m4 -mfloat-abi=hard -mfpu=fpv4-sp-d16 -std=c99 -D__weak=__attribute__((weak)) -D__packed=__attribute__((__packed__)) -DUSE_HAL_DRIVER -DSTM32L475xx -I../Inc -IC:\Users\sunny.DESKTOP-QGFGEEK\Desktop\TGR_2019_Workshop\TGR13_28_HW\Drivers\BSP\B-L475E-IOT01 -IC:\Users\sunny.DESKTOP-QGFGEEK\Desktop\TGR_2019_Workshop\TGR13_28_HW\Drivers\BSP\Components -I../Drivers/STM32L4xx_HAL_Driver/Inc -I../Drivers/STM32L4xx_HAL_Driver/Inc/Legacy -I../Drivers/CMSIS/Device/ST/STM32L4xx/Include -I../Drivers/CMSIS/Include -Os -ffunction-sections -fdata-sections -g -fstack-usage -Wall -specs=nano.specs -o Drivers\BSP\Components\st7735\st7735.o ..\Drivers\BSP\Components\st7735\st7735.c 
arm-atollic-eabi-gcc -c -mthumb -mcpu=cortex-m4 -mfloat-abi=hard -mfpu=fpv4-sp-d16 -std=c99 -D__weak=__attribute__((weak)) -D__packed=__attribute__((__packed__)) -DUSE_HAL_DRIVER -DSTM32L475xx -I../Inc -IC:\Users\sunny.DESKTOP-QGFGEEK\Desktop\TGR_2019_Workshop\TGR13_28_HW\Drivers\BSP\B-L475E-IOT01 -IC:\Users\sunny.DESKTOP-QGFGEEK\Desktop\TGR_2019_Workshop\TGR13_28_HW\Drivers\BSP\Components -I../Drivers/STM32L4xx_HAL_Driver/Inc -I../Drivers/STM32L4xx_HAL_Driver/Inc/Legacy -I../Drivers/CMSIS/Device/ST/STM32L4xx/Include -I../Drivers/CMSIS/Include -Os -ffunction-sections -fdata-sections -g -fstack-usage -Wall -specs=nano.specs -o Drivers\STM32L4xx_HAL_Driver\Src\stm32l4xx_hal_qspi.o ..\Drivers\STM32L4xx_HAL_Driver\Src\stm32l4xx_hal_qspi.c 
arm-atollic-eabi-gcc -c -mthumb -mcpu=cortex-m4 -mfloat-abi=hard -mfpu=fpv4-sp-d16 -std=c99 -D__weak=__attribute__((weak)) -D__packed=__attribute__((__packed__)) -DUSE_HAL_DRIVER -DSTM32L475xx -I../Inc -IC:\Users\sunny.DESKTOP-QGFGEEK\Desktop\TGR_2019_Workshop\TGR13_28_HW\Drivers\BSP\B-L475E-IOT01 -IC:\Users\sunny.DESKTOP-QGFGEEK\Desktop\TGR_2019_Workshop\TGR13_28_HW\Drivers\BSP\Components -I../Drivers/STM32L4xx_HAL_Driver/Inc -I../Drivers/STM32L4xx_HAL_Driver/Inc/Legacy -I../Drivers/CMSIS/Device/ST/STM32L4xx/Include -I../Drivers/CMSIS/Include -Os -ffunction-sections -fdata-sections -g -fstack-usage -Wall -specs=nano.specs -o Drivers\STM32L4xx_HAL_Driver\Src\stm32l4xx_hal_spi.o ..\Drivers\STM32L4xx_HAL_Driver\Src\stm32l4xx_hal_spi.c 
arm-atollic-eabi-gcc -c -mthumb -mcpu=cortex-m4 -mfloat-abi=hard -mfpu=fpv4-sp-d16 -std=c99 -D__weak=__attribute__((weak)) -D__packed=__attribute__((__packed__)) -DUSE_HAL_DRIVER -DSTM32L475xx -I../Inc -IC:\Users\sunny.DESKTOP-QGFGEEK\Desktop\TGR_2019_Workshop\TGR13_28_HW\Drivers\BSP\B-L475E-IOT01 -IC:\Users\sunny.DESKTOP-QGFGEEK\Desktop\TGR_2019_Workshop\TGR13_28_HW\Drivers\BSP\Components -I../Drivers/STM32L4xx_HAL_Driver/Inc -I../Drivers/STM32L4xx_HAL_Driver/Inc/Legacy -I../Drivers/CMSIS/Device/ST/STM32L4xx/Include -I../Drivers/CMSIS/Include -Os -ffunction-sections -fdata-sections -g -fstack-usage -Wall -specs=nano.specs -o Drivers\STM32L4xx_HAL_Driver\Src\stm32l4xx_hal_uart_ex.o ..\Drivers\STM32L4xx_HAL_Driver\Src\stm32l4xx_hal_uart_ex.c 
arm-atollic-eabi-gcc -c -mthumb -mcpu=cortex-m4 -mfloat-abi=hard -mfpu=fpv4-sp-d16 -std=c99 -D__weak=__attribute__((weak)) -D__packed=__attribute__((__packed__)) -DUSE_HAL_DRIVER -DSTM32L475xx -I../Inc -IC:\Users\sunny.DESKTOP-QGFGEEK\Desktop\TGR_2019_Workshop\TGR13_28_HW\Drivers\BSP\B-L475E-IOT01 -IC:\Users\sunny.DESKTOP-QGFGEEK\Desktop\TGR_2019_Workshop\TGR13_28_HW\Drivers\BSP\Components -I../Drivers/STM32L4xx_HAL_Driver/Inc -I../Drivers/STM32L4xx_HAL_Driver/Inc/Legacy -I../Drivers/CMSIS/Device/ST/STM32L4xx/Include -I../Drivers/CMSIS/Include -Os -ffunction-sections -fdata-sections -g -fstack-usage -Wall -specs=nano.specs -o Drivers\STM32L4xx_HAL_Driver\Src\stm32l4xx_hal_tim.o ..\Drivers\STM32L4xx_HAL_Driver\Src\stm32l4xx_hal_tim.c 
arm-atollic-eabi-gcc -c -mthumb -mcpu=cortex-m4 -mfloat-abi=hard -mfpu=fpv4-sp-d16 -std=c99 -D__weak=__attribute__((weak)) -D__packed=__attribute__((__packed__)) -DUSE_HAL_DRIVER -DSTM32L475xx -I../Inc -IC:\Users\sunny.DESKTOP-QGFGEEK\Desktop\TGR_2019_Workshop\TGR13_28_HW\Drivers\BSP\B-L475E-IOT01 -IC:\Users\sunny.DESKTOP-QGFGEEK\Desktop\TGR_2019_Workshop\TGR13_28_HW\Drivers\BSP\Components -I../Drivers/STM32L4xx_HAL_Driver/Inc -I../Drivers/STM32L4xx_HAL_Driver/Inc/Legacy -I../Drivers/CMSIS/Device/ST/STM32L4xx/Include -I../Drivers/CMSIS/Include -Os -ffunction-sections -fdata-sections -g -fstack-usage -Wall -specs=nano.specs -o Drivers\BSP\B-L475E-IOT01\stm32l475e_iot01.o ..\Drivers\BSP\B-L475E-IOT01\stm32l475e_iot01.c 
arm-atollic-eabi-gcc -c -mthumb -mcpu=cortex-m4 -mfloat-abi=hard -mfpu=fpv4-sp-d16 -std=c99 -D__weak=__attribute__((weak)) -D__packed=__attribute__((__packed__)) -DUSE_HAL_DRIVER -DSTM32L475xx -I../Inc -IC:\Users\sunny.DESKTOP-QGFGEEK\Desktop\TGR_2019_Workshop\TGR13_28_HW\Drivers\BSP\B-L475E-IOT01 -IC:\Users\sunny.DESKTOP-QGFGEEK\Desktop\TGR_2019_Workshop\TGR13_28_HW\Drivers\BSP\Components -I../Drivers/STM32L4xx_HAL_Driver/Inc -I../Drivers/STM32L4xx_HAL_Driver/Inc/Legacy -I../Drivers/CMSIS/Device/ST/STM32L4xx/Include -I../Drivers/CMSIS/Include -Os -ffunction-sections -fdata-sections -g -fstack-usage -Wall -specs=nano.specs -o Drivers\BSP\Components\ft5336\ft5336.o ..\Drivers\BSP\Components\ft5336\ft5336.c 
arm-atollic-eabi-gcc -c -mthumb -mcpu=cortex-m4 -mfloat-abi=hard -mfpu=fpv4-sp-d16 -std=c99 -D__weak=__attribute__((weak)) -D__packed=__attribute__((__packed__)) -DUSE_HAL_DRIVER -DSTM32L475xx -I../Inc -IC:\Users\sunny.DESKTOP-QGFGEEK\Desktop\TGR_2019_Workshop\TGR13_28_HW\Drivers\BSP\B-L475E-IOT01 -IC:\Users\sunny.DESKTOP-QGFGEEK\Desktop\TGR_2019_Workshop\TGR13_28_HW\Drivers\BSP\Components -I../Drivers/STM32L4xx_HAL_Driver/Inc -I../Drivers/STM32L4xx_HAL_Driver/Inc/Legacy -I../Drivers/CMSIS/Device/ST/STM32L4xx/Include -I../Drivers/CMSIS/Include -Os -ffunction-sections -fdata-sections -g -fstack-usage -Wall -specs=nano.specs -o Drivers\STM32L4xx_HAL_Driver\Src\stm32l4xx_hal_tim_ex.o ..\Drivers\STM32L4xx_HAL_Driver\Src\stm32l4xx_hal_tim_ex.c 
arm-atollic-eabi-gcc -c -mthumb -mcpu=cortex-m4 -mfloat-abi=hard -mfpu=fpv4-sp-d16 -std=c99 -D__weak=__attribute__((weak)) -D__packed=__attribute__((__packed__)) -DUSE_HAL_DRIVER -DSTM32L475xx -I../Inc -IC:\Users\sunny.DESKTOP-QGFGEEK\Desktop\TGR_2019_Workshop\TGR13_28_HW\Drivers\BSP\B-L475E-IOT01 -IC:\Users\sunny.DESKTOP-QGFGEEK\Desktop\TGR_2019_Workshop\TGR13_28_HW\Drivers\BSP\Components -I../Drivers/STM32L4xx_HAL_Driver/Inc -I../Drivers/STM32L4xx_HAL_Driver/Inc/Legacy -I../Drivers/CMSIS/Device/ST/STM32L4xx/Include -I../Drivers/CMSIS/Include -Os -ffunction-sections -fdata-sections -g -fstack-usage -Wall -specs=nano.specs -o Drivers\BSP\Components\ov9655\ov9655.o ..\Drivers\BSP\Components\ov9655\ov9655.c 
arm-atollic-eabi-gcc -c -mthumb -mcpu=cortex-m4 -mfloat-abi=hard -mfpu=fpv4-sp-d16 -std=c99 -D__weak=__attribute__((weak)) -D__packed=__attribute__((__packed__)) -DUSE_HAL_DRIVER -DSTM32L475xx -I../Inc -IC:\Users\sunny.DESKTOP-QGFGEEK\Desktop\TGR_2019_Workshop\TGR13_28_HW\Drivers\BSP\B-L475E-IOT01 -IC:\Users\sunny.DESKTOP-QGFGEEK\Desktop\TGR_2019_Workshop\TGR13_28_HW\Drivers\BSP\Components -I../Drivers/STM32L4xx_HAL_Driver/Inc -I../Drivers/STM32L4xx_HAL_Driver/Inc/Legacy -I../Drivers/CMSIS/Device/ST/STM32L4xx/Include -I../Drivers/CMSIS/Include -Os -ffunction-sections -fdata-sections -g -fstack-usage -Wall -specs=nano.specs -o Drivers\BSP\B-L475E-IOT01\stm32l475e_iot01_magneto.o ..\Drivers\BSP\B-L475E-IOT01\stm32l475e_iot01_magneto.c 
arm-atollic-eabi-gcc -c -mthumb -mcpu=cortex-m4 -mfloat-abi=hard -mfpu=fpv4-sp-d16 -std=c99 -D__weak=__attribute__((weak)) -D__packed=__attribute__((__packed__)) -DUSE_HAL_DRIVER -DSTM32L475xx -I../Inc -IC:\Users\sunny.DESKTOP-QGFGEEK\Desktop\TGR_2019_Workshop\TGR13_28_HW\Drivers\BSP\B-L475E-IOT01 -IC:\Users\sunny.DESKTOP-QGFGEEK\Desktop\TGR_2019_Workshop\TGR13_28_HW\Drivers\BSP\Components -I../Drivers/STM32L4xx_HAL_Driver/Inc -I../Drivers/STM32L4xx_HAL_Driver/Inc/Legacy -I../Drivers/CMSIS/Device/ST/STM32L4xx/Include -I../Drivers/CMSIS/Include -Os -ffunction-sections -fdata-sections -g -fstack-usage -Wall -specs=nano.specs -o Drivers\STM32L4xx_HAL_Driver\Src\stm32l4xx_hal_i2c_ex.o ..\Drivers\STM32L4xx_HAL_Driver\Src\stm32l4xx_hal_i2c_ex.c 
arm-atollic-eabi-gcc -c -mthumb -mcpu=cortex-m4 -mfloat-abi=hard -mfpu=fpv4-sp-d16 -std=c99 -D__weak=__attribute__((weak)) -D__packed=__attribute__((__packed__)) -DUSE_HAL_DRIVER -DSTM32L475xx -I../Inc -IC:\Users\sunny.DESKTOP-QGFGEEK\Desktop\TGR_2019_Workshop\TGR13_28_HW\Drivers\BSP\B-L475E-IOT01 -IC:\Users\sunny.DESKTOP-QGFGEEK\Desktop\TGR_2019_Workshop\TGR13_28_HW\Drivers\BSP\Components -I../Drivers/STM32L4xx_HAL_Driver/Inc -I../Drivers/STM32L4xx_HAL_Driver/Inc/Legacy -I../Drivers/CMSIS/Device/ST/STM32L4xx/Include -I../Drivers/CMSIS/Include -Os -ffunction-sections -fdata-sections -g -fstack-usage -Wall -specs=nano.specs -o Src\system_stm32l4xx.o ..\Src\system_stm32l4xx.c 
arm-atollic-eabi-gcc -c -mthumb -mcpu=cortex-m4 -mfloat-abi=hard -mfpu=fpv4-sp-d16 -std=c99 -D__weak=__attribute__((weak)) -D__packed=__attribute__((__packed__)) -DUSE_HAL_DRIVER -DSTM32L475xx -I../Inc -IC:\Users\sunny.DESKTOP-QGFGEEK\Desktop\TGR_2019_Workshop\TGR13_28_HW\Drivers\BSP\B-L475E-IOT01 -IC:\Users\sunny.DESKTOP-QGFGEEK\Desktop\TGR_2019_Workshop\TGR13_28_HW\Drivers\BSP\Components -I../Drivers/STM32L4xx_HAL_Driver/Inc -I../Drivers/STM32L4xx_HAL_Driver/Inc/Legacy -I../Drivers/CMSIS/Device/ST/STM32L4xx/Include -I../Drivers/CMSIS/Include -Os -ffunction-sections -fdata-sections -g -fstack-usage -Wall -specs=nano.specs -o Drivers\STM32L4xx_HAL_Driver\Src\stm32l4xx_hal_cortex.o ..\Drivers\STM32L4xx_HAL_Driver\Src\stm32l4xx_hal_cortex.c 
arm-atollic-eabi-gcc -c -mthumb -mcpu=cortex-m4 -mfloat-abi=hard -mfpu=fpv4-sp-d16 -std=c99 -D__weak=__attribute__((weak)) -D__packed=__attribute__((__packed__)) -DUSE_HAL_DRIVER -DSTM32L475xx -I../Inc -IC:\Users\sunny.DESKTOP-QGFGEEK\Desktop\TGR_2019_Workshop\TGR13_28_HW\Drivers\BSP\B-L475E-IOT01 -IC:\Users\sunny.DESKTOP-QGFGEEK\Desktop\TGR_2019_Workshop\TGR13_28_HW\Drivers\BSP\Components -I../Drivers/STM32L4xx_HAL_Driver/Inc -I../Drivers/STM32L4xx_HAL_Driver/Inc/Legacy -I../Drivers/CMSIS/Device/ST/STM32L4xx/Include -I../Drivers/CMSIS/Include -Os -ffunction-sections -fdata-sections -g -fstack-usage -Wall -specs=nano.specs -o Drivers\STM32L4xx_HAL_Driver\Src\stm32l4xx_hal_pwr.o ..\Drivers\STM32L4xx_HAL_Driver\Src\stm32l4xx_hal_pwr.c 
arm-atollic-eabi-gcc -c -mthumb -mcpu=cortex-m4 -mfloat-abi=hard -mfpu=fpv4-sp-d16 -std=c99 -D__weak=__attribute__((weak)) -D__packed=__attribute__((__packed__)) -DUSE_HAL_DRIVER -DSTM32L475xx -I../Inc -IC:\Users\sunny.DESKTOP-QGFGEEK\Desktop\TGR_2019_Workshop\TGR13_28_HW\Drivers\BSP\B-L475E-IOT01 -IC:\Users\sunny.DESKTOP-QGFGEEK\Desktop\TGR_2019_Workshop\TGR13_28_HW\Drivers\BSP\Components -I../Drivers/STM32L4xx_HAL_Driver/Inc -I../Drivers/STM32L4xx_HAL_Driver/Inc/Legacy -I../Drivers/CMSIS/Device/ST/STM32L4xx/Include -I../Drivers/CMSIS/Include -Os -ffunction-sections -fdata-sections -g -fstack-usage -Wall -specs=nano.specs -o Drivers\STM32L4xx_HAL_Driver\Src\stm32l4xx_hal_uart.o ..\Drivers\STM32L4xx_HAL_Driver\Src\stm32l4xx_hal_uart.c 
arm-atollic-eabi-gcc -c -mthumb -mcpu=cortex-m4 -mfloat-abi=hard -mfpu=fpv4-sp-d16 -std=c99 -D__weak=__attribute__((weak)) -D__packed=__attribute__((__packed__)) -DUSE_HAL_DRIVER -DSTM32L475xx -I../Inc -IC:\Users\sunny.DESKTOP-QGFGEEK\Desktop\TGR_2019_Workshop\TGR13_28_HW\Drivers\BSP\B-L475E-IOT01 -IC:\Users\sunny.DESKTOP-QGFGEEK\Desktop\TGR_2019_Workshop\TGR13_28_HW\Drivers\BSP\Components -I../Drivers/STM32L4xx_HAL_Driver/Inc -I../Drivers/STM32L4xx_HAL_Driver/Inc/Legacy -I../Drivers/CMSIS/Device/ST/STM32L4xx/Include -I../Drivers/CMSIS/Include -Os -ffunction-sections -fdata-sections -g -fstack-usage -Wall -specs=nano.specs -o Drivers\BSP\Components\m24sr\m24sr.o ..\Drivers\BSP\Components\m24sr\m24sr.c 
arm-atollic-eabi-gcc -c -mthumb -mcpu=cortex-m4 -mfloat-abi=hard -mfpu=fpv4-sp-d16 -std=c99 -D__weak=__attribute__((weak)) -D__packed=__attribute__((__packed__)) -DUSE_HAL_DRIVER -DSTM32L475xx -I../Inc -IC:\Users\sunny.DESKTOP-QGFGEEK\Desktop\TGR_2019_Workshop\TGR13_28_HW\Drivers\BSP\B-L475E-IOT01 -IC:\Users\sunny.DESKTOP-QGFGEEK\Desktop\TGR_2019_Workshop\TGR13_28_HW\Drivers\BSP\Components -I../Drivers/STM32L4xx_HAL_Driver/Inc -I../Drivers/STM32L4xx_HAL_Driver/Inc/Legacy -I../Drivers/CMSIS/Device/ST/STM32L4xx/Include -I../Drivers/CMSIS/Include -Os -ffunction-sections -fdata-sections -g -fstack-usage -Wall -specs=nano.specs -o Src\stm32l4xx_hal_msp.o ..\Src\stm32l4xx_hal_msp.c 
arm-atollic-eabi-gcc -c -mthumb -mcpu=cortex-m4 -mfloat-abi=hard -mfpu=fpv4-sp-d16 -std=c99 -D__weak=__attribute__((weak)) -D__packed=__attribute__((__packed__)) -DUSE_HAL_DRIVER -DSTM32L475xx -I../Inc -IC:\Users\sunny.DESKTOP-QGFGEEK\Desktop\TGR_2019_Workshop\TGR13_28_HW\Drivers\BSP\B-L475E-IOT01 -IC:\Users\sunny.DESKTOP-QGFGEEK\Desktop\TGR_2019_Workshop\TGR13_28_HW\Drivers\BSP\Components -I../Drivers/STM32L4xx_HAL_Driver/Inc -I../Drivers/STM32L4xx_HAL_Driver/Inc/Legacy -I../Drivers/CMSIS/Device/ST/STM32L4xx/Include -I../Drivers/CMSIS/Include -Os -ffunction-sections -fdata-sections -g -fstack-usage -Wall -specs=nano.specs -o Drivers\STM32L4xx_HAL_Driver\Src\stm32l4xx_hal_flash_ramfunc.o ..\Drivers\STM32L4xx_HAL_Driver\Src\stm32l4xx_hal_flash_ramfunc.c 
arm-atollic-eabi-gcc -c -mthumb -mcpu=cortex-m4 -mfloat-abi=hard -mfpu=fpv4-sp-d16 -std=c99 -D__weak=__attribute__((weak)) -D__packed=__attribute__((__packed__)) -DUSE_HAL_DRIVER -DSTM32L475xx -I../Inc -IC:\Users\sunny.DESKTOP-QGFGEEK\Desktop\TGR_2019_Workshop\TGR13_28_HW\Drivers\BSP\B-L475E-IOT01 -IC:\Users\sunny.DESKTOP-QGFGEEK\Desktop\TGR_2019_Workshop\TGR13_28_HW\Drivers\BSP\Components -I../Drivers/STM32L4xx_HAL_Driver/Inc -I../Drivers/STM32L4xx_HAL_Driver/Inc/Legacy -I../Drivers/CMSIS/Device/ST/STM32L4xx/Include -I../Drivers/CMSIS/Include -Os -ffunction-sections -fdata-sections -g -fstack-usage -Wall -specs=nano.specs -o Drivers\BSP\Components\cs43l22\cs43l22.o ..\Drivers\BSP\Components\cs43l22\cs43l22.c 
arm-atollic-eabi-gcc -c -mthumb -mcpu=cortex-m4 -mfloat-abi=hard -mfpu=fpv4-sp-d16 -std=c99 -D__weak=__attribute__((weak)) -D__packed=__attribute__((__packed__)) -DUSE_HAL_DRIVER -DSTM32L475xx -I../Inc -IC:\Users\sunny.DESKTOP-QGFGEEK\Desktop\TGR_2019_Workshop\TGR13_28_HW\Drivers\BSP\B-L475E-IOT01 -IC:\Users\sunny.DESKTOP-QGFGEEK\Desktop\TGR_2019_Workshop\TGR13_28_HW\Drivers\BSP\Components -I../Drivers/STM32L4xx_HAL_Driver/Inc -I../Drivers/STM32L4xx_HAL_Driver/Inc/Legacy -I../Drivers/CMSIS/Device/ST/STM32L4xx/Include -I../Drivers/CMSIS/Include -Os -ffunction-sections -fdata-sections -g -fstack-usage -Wall -specs=nano.specs -o Drivers\BSP\Components\ft3x67\ft3x67.o ..\Drivers\BSP\Components\ft3x67\ft3x67.c 
arm-atollic-eabi-gcc -c -mthumb -mcpu=cortex-m4 -mfloat-abi=hard -mfpu=fpv4-sp-d16 -std=c99 -D__weak=__attribute__((weak)) -D__packed=__attribute__((__packed__)) -DUSE_HAL_DRIVER -DSTM32L475xx -I../Inc -IC:\Users\sunny.DESKTOP-QGFGEEK\Desktop\TGR_2019_Workshop\TGR13_28_HW\Drivers\BSP\B-L475E-IOT01 -IC:\Users\sunny.DESKTOP-QGFGEEK\Desktop\TGR_2019_Workshop\TGR13_28_HW\Drivers\BSP\Components -I../Drivers/STM32L4xx_HAL_Driver/Inc -I../Drivers/STM32L4xx_HAL_Driver/Inc/Legacy -I../Drivers/CMSIS/Device/ST/STM32L4xx/Include -I../Drivers/CMSIS/Include -Os -ffunction-sections -fdata-sections -g -fstack-usage -Wall -specs=nano.specs -o Src\stm32l4xx_it.o ..\Src\stm32l4xx_it.c 
arm-atollic-eabi-gcc -c -mthumb -mcpu=cortex-m4 -mfloat-abi=hard -mfpu=fpv4-sp-d16 -std=c99 -D__weak=__attribute__((weak)) -D__packed=__attribute__((__packed__)) -DUSE_HAL_DRIVER -DSTM32L475xx -I../Inc -IC:\Users\sunny.DESKTOP-QGFGEEK\Desktop\TGR_2019_Workshop\TGR13_28_HW\Drivers\BSP\B-L475E-IOT01 -IC:\Users\sunny.DESKTOP-QGFGEEK\Desktop\TGR_2019_Workshop\TGR13_28_HW\Drivers\BSP\Components -I../Drivers/STM32L4xx_HAL_Driver/Inc -I../Drivers/STM32L4xx_HAL_Driver/Inc/Legacy -I../Drivers/CMSIS/Device/ST/STM32L4xx/Include -I../Drivers/CMSIS/Include -Os -ffunction-sections -fdata-sections -g -fstack-usage -Wall -specs=nano.specs -o Drivers\BSP\Components\cs42l51\cs42l51.o ..\Drivers\BSP\Components\cs42l51\cs42l51.c 
arm-atollic-eabi-gcc -c -mthumb -mcpu=cortex-m4 -mfloat-abi=hard -mfpu=fpv4-sp-d16 -std=c99 -D__weak=__attribute__((weak)) -D__packed=__attribute__((__packed__)) -DUSE_HAL_DRIVER -DSTM32L475xx -I../Inc -IC:\Users\sunny.DESKTOP-QGFGEEK\Desktop\TGR_2019_Workshop\TGR13_28_HW\Drivers\BSP\B-L475E-IOT01 -IC:\Users\sunny.DESKTOP-QGFGEEK\Desktop\TGR_2019_Workshop\TGR13_28_HW\Drivers\BSP\Components -I../Drivers/STM32L4xx_HAL_Driver/Inc -I../Drivers/STM32L4xx_HAL_Driver/Inc/Legacy -I../Drivers/CMSIS/Device/ST/STM32L4xx/Include -I../Drivers/CMSIS/Include -Os -ffunction-sections -fdata-sections -g -fstack-usage -Wall -specs=nano.specs -o Drivers\STM32L4xx_HAL_Driver\Src\stm32l4xx_hal_dma_ex.o ..\Drivers\STM32L4xx_HAL_Driver\Src\stm32l4xx_hal_dma_ex.c 
arm-atollic-eabi-gcc -c -mthumb -mcpu=cortex-m4 -mfloat-abi=hard -mfpu=fpv4-sp-d16 -std=c99 -D__weak=__attribute__((weak)) -D__packed=__attribute__((__packed__)) -DUSE_HAL_DRIVER -DSTM32L475xx -I../Inc -IC:\Users\sunny.DESKTOP-QGFGEEK\Desktop\TGR_2019_Workshop\TGR13_28_HW\Drivers\BSP\B-L475E-IOT01 -IC:\Users\sunny.DESKTOP-QGFGEEK\Desktop\TGR_2019_Workshop\TGR13_28_HW\Drivers\BSP\Components -I../Drivers/STM32L4xx_HAL_Driver/Inc -I../Drivers/STM32L4xx_HAL_Driver/Inc/Legacy -I../Drivers/CMSIS/Device/ST/STM32L4xx/Include -I../Drivers/CMSIS/Include -Os -ffunction-sections -fdata-sections -g -fstack-usage -Wall -specs=nano.specs -o Drivers\BSP\Components\lsm6dsl\lsm6dsl.o ..\Drivers\BSP\Components\lsm6dsl\lsm6dsl.c 
arm-atollic-eabi-gcc -c -mthumb -mcpu=cortex-m4 -mfloat-abi=hard -mfpu=fpv4-sp-d16 -std=c99 -D__weak=__attribute__((weak)) -D__packed=__attribute__((__packed__)) -DUSE_HAL_DRIVER -DSTM32L475xx -I../Inc -IC:\Users\sunny.DESKTOP-QGFGEEK\Desktop\TGR_2019_Workshop\TGR13_28_HW\Drivers\BSP\B-L475E-IOT01 -IC:\Users\sunny.DESKTOP-QGFGEEK\Desktop\TGR_2019_Workshop\TGR13_28_HW\Drivers\BSP\Components -I../Drivers/STM32L4xx_HAL_Driver/Inc -I../Drivers/STM32L4xx_HAL_Driver/Inc/Legacy -I../Drivers/CMSIS/Device/ST/STM32L4xx/Include -I../Drivers/CMSIS/Include -Os -ffunction-sections -fdata-sections -g -fstack-usage -Wall -specs=nano.specs -o Drivers\STM32L4xx_HAL_Driver\Src\stm32l4xx_hal_flash.o ..\Drivers\STM32L4xx_HAL_Driver\Src\stm32l4xx_hal_flash.c 
arm-atollic-eabi-gcc -c -mthumb -mcpu=cortex-m4 -mfloat-abi=hard -mfpu=fpv4-sp-d16 -std=c99 -D__weak=__attribute__((weak)) -D__packed=__attribute__((__packed__)) -DUSE_HAL_DRIVER -DSTM32L475xx -I../Inc -IC:\Users\sunny.DESKTOP-QGFGEEK\Desktop\TGR_2019_Workshop\TGR13_28_HW\Drivers\BSP\B-L475E-IOT01 -IC:\Users\sunny.DESKTOP-QGFGEEK\Desktop\TGR_2019_Workshop\TGR13_28_HW\Drivers\BSP\Components -I../Drivers/STM32L4xx_HAL_Driver/Inc -I../Drivers/STM32L4xx_HAL_Driver/Inc/Legacy -I../Drivers/CMSIS/Device/ST/STM32L4xx/Include -I../Drivers/CMSIS/Include -Os -ffunction-sections -fdata-sections -g -fstack-usage -Wall -specs=nano.specs -o Drivers\STM32L4xx_HAL_Driver\Src\stm32l4xx_hal_pcd.o ..\Drivers\STM32L4xx_HAL_Driver\Src\stm32l4xx_hal_pcd.c 
arm-atollic-eabi-gcc -c -mthumb -mcpu=cortex-m4 -mfloat-abi=hard -mfpu=fpv4-sp-d16 -std=c99 -D__weak=__attribute__((weak)) -D__packed=__attribute__((__packed__)) -DUSE_HAL_DRIVER -DSTM32L475xx -I../Inc -IC:\Users\sunny.DESKTOP-QGFGEEK\Desktop\TGR_2019_Workshop\TGR13_28_HW\Drivers\BSP\B-L475E-IOT01 -IC:\Users\sunny.DESKTOP-QGFGEEK\Desktop\TGR_2019_Workshop\TGR13_28_HW\Drivers\BSP\Components -I../Drivers/STM32L4xx_HAL_Driver/Inc -I../Drivers/STM32L4xx_HAL_Driver/Inc/Legacy -I../Drivers/CMSIS/Device/ST/STM32L4xx/Include -I../Drivers/CMSIS/Include -Os -ffunction-sections -fdata-sections -g -fstack-usage -Wall -specs=nano.specs -o Drivers\BSP\Components\ft6x06\ft6x06.o ..\Drivers\BSP\Components\ft6x06\ft6x06.c 
arm-atollic-eabi-gcc -o TGR13_28_HW.elf Drivers\BSP\B-L475E-IOT01\stm32l475e_iot01.o Drivers\BSP\B-L475E-IOT01\stm32l475e_iot01_accelero.o Drivers\BSP\B-L475E-IOT01\stm32l475e_iot01_gyro.o Drivers\BSP\B-L475E-IOT01\stm32l475e_iot01_hsensor.o Drivers\BSP\B-L475E-IOT01\stm32l475e_iot01_magneto.o Drivers\BSP\B-L475E-IOT01\stm32l475e_iot01_psensor.o Drivers\BSP\B-L475E-IOT01\stm32l475e_iot01_qspi.o Drivers\BSP\B-L475E-IOT01\stm32l475e_iot01_tsensor.o Drivers\BSP\Components\cs42l51\cs42l51.o Drivers\BSP\Components\cs43l22\cs43l22.o Drivers\BSP\Components\ft3x67\ft3x67.o Drivers\BSP\Components\ft5336\ft5336.o Drivers\BSP\Components\ft6x06\ft6x06.o Drivers\BSP\Components\hts221\hts221.o Drivers\BSP\Components\hx8347g\hx8347g.o Drivers\BSP\Components\l3gd20\l3gd20.o Drivers\BSP\Components\lis3mdl\lis3mdl.o Drivers\BSP\Components\lps22hb\lps22hb.o Drivers\BSP\Components\ls016b8uy\ls016b8uy.o Drivers\BSP\Components\lsm303c\lsm303c.o Drivers\BSP\Components\lsm303dlhc\lsm303dlhc.o Drivers\BSP\Components\lsm6dsl\lsm6dsl.o Drivers\BSP\Components\m24sr\m24sr.o Drivers\BSP\Components\mfxstm32l152\mfxstm32l152.o Drivers\BSP\Components\ov9655\ov9655.o Drivers\BSP\Components\st7735\st7735.o Drivers\BSP\Components\st7789h2\st7789h2.o Drivers\BSP\Components\stmpe1600\stmpe1600.o Drivers\BSP\Components\stmpe811\stmpe811.o Drivers\BSP\Components\wm8994\wm8994.o Drivers\STM32L4xx_HAL_Driver\Src\stm32l4xx_hal.o Drivers\STM32L4xx_HAL_Driver\Src\stm32l4xx_hal_cortex.o Drivers\STM32L4xx_HAL_Driver\Src\stm32l4xx_hal_dfsdm.o Drivers\STM32L4xx_HAL_Driver\Src\stm32l4xx_hal_dma.o Drivers\STM32L4xx_HAL_Driver\Src\stm32l4xx_hal_dma_ex.o Drivers\STM32L4xx_HAL_Driver\Src\stm32l4xx_hal_flash.o Drivers\STM32L4xx_HAL_Driver\Src\stm32l4xx_hal_flash_ex.o Drivers\STM32L4xx_HAL_Driver\Src\stm32l4xx_hal_flash_ramfunc.o Drivers\STM32L4xx_HAL_Driver\Src\stm32l4xx_hal_gpio.o Drivers\STM32L4xx_HAL_Driver\Src\stm32l4xx_hal_i2c.o Drivers\STM32L4xx_HAL_Driver\Src\stm32l4xx_hal_i2c_ex.o Drivers\STM32L4xx_HAL_Driver\Src\stm32l4xx_hal_pcd.o Drivers\STM32L4xx_HAL_Driver\Src\stm32l4xx_hal_pcd_ex.o Drivers\STM32L4xx_HAL_Driver\Src\stm32l4xx_hal_pwr.o Drivers\STM32L4xx_HAL_Driver\Src\stm32l4xx_hal_pwr_ex.o Drivers\STM32L4xx_HAL_Driver\Src\stm32l4xx_hal_qspi.o Drivers\STM32L4xx_HAL_Driver\Src\stm32l4xx_hal_rcc.o Drivers\STM32L4xx_HAL_Driver\Src\stm32l4xx_hal_rcc_ex.o Drivers\STM32L4xx_HAL_Driver\Src\stm32l4xx_hal_spi.o Drivers\STM32L4xx_HAL_Driver\Src\stm32l4xx_hal_spi_ex.o Drivers\STM32L4xx_HAL_Driver\Src\stm32l4xx_hal_tim.o Drivers\STM32L4xx_HAL_Driver\Src\stm32l4xx_hal_tim_ex.o Drivers\STM32L4xx_HAL_Driver\Src\stm32l4xx_hal_uart.o Drivers\STM32L4xx_HAL_Driver\Src\stm32l4xx_hal_uart_ex.o Drivers\STM32L4xx_HAL_Driver\Src\stm32l4xx_ll_usb.o Src\main.o Src\stm32l4xx_hal_msp.o Src\stm32l4xx_it.o Src\system_stm32l4xx.o startup\startup_stm32l475xx.o -mthumb -mcpu=cortex-m4 -mfloat-abi=hard -mfpu=fpv4-sp-d16 -T../STM32L475VG_FLASH.ld -specs=nosys.specs -static -u _printf_float -Wl,-Map=TGR13_28_HW.map -Wl,--gc-sections -Wl,--defsym=malloc_getpagesize_P=0x80 -Wl,--start-group -lc -lm -Wl,--end-group -specs=nano.specs 
C:\Program Files (x86)\Atollic\TrueSTUDIO for STM32 9.2.0\ide\jre\bin\java -jar C:\Program Files (x86)\Atollic\TrueSTUDIO for STM32 9.2.0\Tools\arm-atollic-reports.jar sizeinfo list TGR13_28_HW.elf 
Generate build reports...
Print size information
   text	   data	    bss	    dec	    hex	filename
  25528	    496	   3608	  29632	   73c0	TGR13_28_HW.elf
Print size information done
Generate listing file
Output sent to: TGR13_28_HW.list
Generate listing file done
Generate build reports done
arm-atollic-eabi-objcopy.exe -O ihex TGR13_28_HW.elf TGR13_28_HW.hex 
Info: Parallel threads used: 4
